// Jest Snapshot v1, https://goo.gl/fbAQLP

exports[`Checkbox tests renders correctly when editable 1`] = `
<View
  accessibilityComponentType={undefined}
  accessibilityLabel={undefined}
  accessibilityTraits={undefined}
  accessible={true}
  collapsable={undefined}
  hitSlop={undefined}
  isTVSelectable={true}
  nativeID={undefined}
  onLayout={undefined}
  onResponderGrant={[Function]}
  onResponderMove={[Function]}
  onResponderRelease={[Function]}
  onResponderTerminate={[Function]}
  onResponderTerminationRequest={[Function]}
  onStartShouldSetResponder={[Function]}
  style={
    Object {
      "backgroundColor": "#fafafa",
      "borderColor": "#ededed",
      "borderRadius": 3,
      "borderWidth": 1,
      "margin": 5,
      "marginLeft": 10,
      "marginRight": 10,
      "opacity": 1,
      "padding": 10,
    }
  }
  testID={undefined}
  tvParallaxProperties={undefined}
>
  <View
    style={
      Array [
        Object {
          "alignItems": "center",
          "flexDirection": "row",
        },
        false,
        false,
      ]
    }
  >
    <Text
      accessible={true}
      allowFontScaling={false}
      ellipsizeMode="tail"
      onLongPress={undefined}
      onPress={undefined}
      style={
        Array [
          Object {
            "color": "#bfbfbf",
            "fontSize": 24,
          },
          undefined,
          Object {
            "fontFamily": "Material Icons",
            "fontStyle": "normal",
            "fontWeight": "normal",
          },
        ]
      }
    >
      
    </Text>
    <Text
      accessible={true}
      allowFontScaling={true}
      ellipsizeMode="tail"
      style={
        Array [
          Object {},
          undefined,
          undefined,
          undefined,
          undefined,
          undefined,
          undefined,
          undefined,
          undefined,
          undefined,
          Array [
            Object {
              "color": "#43484d",
              "fontWeight": "bold",
              "marginLeft": 10,
              "marginRight": 10,
            },
            undefined,
            undefined,
          ],
        ]
      }
    >
      some checkbox
    </Text>
  </View>
</View>
`;

exports[`Checkbox tests renders correctly when not editable 1`] = `
<View
  accessibilityComponentType={undefined}
  accessibilityLabel={undefined}
  accessibilityTraits={undefined}
  accessible={true}
  collapsable={undefined}
  hitSlop={undefined}
  isTVSelectable={true}
  nativeID={undefined}
  onLayout={undefined}
  onResponderGrant={[Function]}
  onResponderMove={[Function]}
  onResponderRelease={[Function]}
  onResponderTerminate={[Function]}
  onResponderTerminationRequest={[Function]}
  onStartShouldSetResponder={[Function]}
  style={
    Object {
      "backgroundColor": "#fafafa",
      "borderColor": "#ededed",
      "borderRadius": 3,
      "borderWidth": 1,
      "margin": 5,
      "marginLeft": 10,
      "marginRight": 10,
      "opacity": 1,
      "padding": 10,
    }
  }
  testID={undefined}
  tvParallaxProperties={undefined}
>
  <View
    style={
      Array [
        Object {
          "alignItems": "center",
          "flexDirection": "row",
        },
        false,
        false,
      ]
    }
  >
    <Text
      accessible={true}
      allowFontScaling={false}
      ellipsizeMode="tail"
      onLongPress={undefined}
      onPress={undefined}
      style={
        Array [
          Object {
            "color": "#bfbfbf",
            "fontSize": 24,
          },
          undefined,
          Object {
            "fontFamily": "Material Icons",
            "fontStyle": "normal",
            "fontWeight": "normal",
          },
        ]
      }
    >
      
    </Text>
    <Text
      accessible={true}
      allowFontScaling={true}
      ellipsizeMode="tail"
      style={
        Array [
          Object {},
          undefined,
          undefined,
          undefined,
          undefined,
          undefined,
          undefined,
          undefined,
          undefined,
          undefined,
          Array [
            Object {
              "color": "#43484d",
              "fontWeight": "bold",
              "marginLeft": 10,
              "marginRight": 10,
            },
            undefined,
            undefined,
          ],
        ]
      }
    >
      some checkbox
    </Text>
  </View>
</View>
`;
