// Jest Snapshot v1, https://goo.gl/fbAQLP

exports[`ReportEditingBackButton 1`] = `
ShallowWrapper {
  "length": 1,
  Symbol(enzyme.__root__): [Circular],
  Symbol(enzyme.__unrendered__): <ReportEditingBackButton
    dispatch={[Function]}
    isUnsaved={true}
  />,
  Symbol(enzyme.__renderer__): Object {
    "batchedUpdates": [Function],
    "getNode": [Function],
    "render": [Function],
    "simulateEvent": [Function],
    "unmount": [Function],
  },
  Symbol(enzyme.__node__): Object {
    "instance": null,
    "key": undefined,
    "nodeType": "class",
    "props": Object {
      "onPress": [Function],
      "pressColorAndroid": "rgba(0, 0, 0, .32)",
      "tintColor": "#fff",
      "truncatedTitle": "Back",
    },
    "ref": null,
    "rendered": null,
    "type": [Function],
  },
  Symbol(enzyme.__nodes__): Array [
    Object {
      "instance": null,
      "key": undefined,
      "nodeType": "class",
      "props": Object {
        "onPress": [Function],
        "pressColorAndroid": "rgba(0, 0, 0, .32)",
        "tintColor": "#fff",
        "truncatedTitle": "Back",
      },
      "ref": null,
      "rendered": null,
      "type": [Function],
    },
  ],
  Symbol(enzyme.__options__): Object {
    "adapter": ReactSixteenAdapter {
      "options": Object {
        "enableComponentDidUpdateOnSetState": true,
      },
    },
  },
}
`;
