// Jest Snapshot v1, https://goo.gl/fbAQLP

exports[`Login screen renders correctly 1`] = `
<connectedLoginScreen
  store={
    Object {
      "clearActions": [Function],
      "dispatch": [Function],
      "getActions": [Function],
      "getState": [Function],
      "replaceReducer": [Function],
      "subscribe": [Function],
    }
  }
/>
`;
