// Jest Snapshot v1, https://goo.gl/fbAQLP

exports[`TemplateScreen renders correctly 1`] = `
<View
  colors={
    Array [
      undefined,
      undefined,
      undefined,
    ]
  }
  style={undefined}
>
  <View
    style={undefined}
  >
    <RCTScrollView
      keyboardShouldPersistTaps="handled"
      style={undefined}
    >
      <View>
        <View
          style={undefined}
        >
          <View
            style={undefined}
          >
            <Text
              accessible={true}
              allowFontScaling={true}
              ellipsizeMode="tail"
              style={undefined}
            >
              Otsikko
            </Text>
            <Text
              accessible={true}
              allowFontScaling={true}
              ellipsizeMode="tail"
              style={undefined}
            >
               *
            </Text>
          </View>
          <TextInput
            allowFontScaling={true}
            defaultValue="Testiraportti"
            editable={true}
            onChangeText={[Function]}
            placeholder={null}
            placeholderTextColor={null}
            style={undefined}
            underlineColorAndroid="transparent"
          />
        </View>
        <View
          pointerEvents={undefined}
        >
          <View
            style={undefined}
          >
            <View
              style={undefined}
            >
              <Text
                accessible={true}
                allowFontScaling={true}
                ellipsizeMode="tail"
                style={undefined}
              >
                Name
              </Text>
              <Text
                accessible={true}
                allowFontScaling={true}
                ellipsizeMode="tail"
                style={undefined}
              >
                 *
              </Text>
            </View>
            <TextInput
              allowFontScaling={true}
              onChangeText={[Function]}
              placeholder={null}
              placeholderTextColor={null}
              style={undefined}
              underlineColorAndroid="transparent"
              value="Test1"
            />
          </View>
          <View
            style={undefined}
          >
            <View
              style={undefined}
            >
              <Text
                accessible={true}
                allowFontScaling={true}
                ellipsizeMode="tail"
                style={undefined}
              >
                Options
              </Text>
              <Text
                accessible={true}
                allowFontScaling={true}
                ellipsizeMode="tail"
                style={undefined}
              >
                 *
              </Text>
            </View>
            <View
              style={
                Array [
                  undefined,
                  undefined,
                  false,
                ]
              }
            >
              <View
                style={undefined}
              >
                <View
                  style={
                    Array [
                      Object {
                        "alignItems": "center",
                        "alignSelf": "center",
                        "flexDirection": "row",
                        "marginBottom": 5,
                      },
                      undefined,
                      false,
                    ]
                  }
                >
                  <View
                    style={undefined}
                  >
                    <View
                      accessibilityComponentType={undefined}
                      accessibilityLabel={undefined}
                      accessibilityTraits={undefined}
                      accessible={true}
                      collapsable={undefined}
                      hitSlop={undefined}
                      isTVSelectable={true}
                      nativeID={undefined}
                      onLayout={undefined}
                      onResponderGrant={[Function]}
                      onResponderMove={[Function]}
                      onResponderRelease={[Function]}
                      onResponderTerminate={[Function]}
                      onResponderTerminationRequest={[Function]}
                      onStartShouldSetResponder={[Function]}
                      style={
                        Object {
                          "alignItems": "center",
                          "alignSelf": "center",
                          "borderColor": "#2196f3",
                          "borderRadius": 12,
                          "borderWidth": 1.5,
                          "height": 24,
                          "justifyContent": "center",
                          "opacity": 1,
                          "width": 24,
                        }
                      }
                      testID={undefined}
                      tvParallaxProperties={undefined}
                    >
                      <View
                        style={
                          Array [
                            Object {
                              "borderRadius": 10,
                            },
                            Object {
                              "backgroundColor": "#2196f3",
                              "height": 20,
                              "width": 20,
                            },
                            Object {
                              "borderRadius": 8,
                              "height": 16,
                              "width": 16,
                            },
                            Object {
                              "backgroundColor": "#359ef3",
                            },
                          ]
                        }
                      />
                    </View>
                  </View>
                  <View
                    accessibilityComponentType={undefined}
                    accessibilityLabel={undefined}
                    accessibilityTraits={undefined}
                    accessible={true}
                    hitSlop={undefined}
                    nativeID={undefined}
                    onLayout={undefined}
                    onResponderGrant={[Function]}
                    onResponderMove={[Function]}
                    onResponderRelease={[Function]}
                    onResponderTerminate={[Function]}
                    onResponderTerminationRequest={[Function]}
                    onStartShouldSetResponder={[Function]}
                    style={
                      Array [
                        undefined,
                        Object {
                          "alignItems": "center",
                          "alignSelf": "center",
                          "flexDirection": "row",
                        },
                      ]
                    }
                    testID={undefined}
                  >
                    <Text
                      accessible={true}
                      allowFontScaling={true}
                      ellipsizeMode="tail"
                      style={
                        Array [
                          Object {
                            "lineHeight": 20,
                            "paddingLeft": 10,
                          },
                          false,
                          Object {
                            "color": undefined,
                          },
                          undefined,
                        ]
                      }
                    >
                      Option 1
                    </Text>
                  </View>
                </View>
              </View>
              <View
                style={undefined}
              >
                <View
                  style={
                    Array [
                      Object {
                        "alignItems": "center",
                        "alignSelf": "center",
                        "flexDirection": "row",
                        "marginBottom": 5,
                      },
                      undefined,
                      false,
                    ]
                  }
                >
                  <View
                    style={undefined}
                  >
                    <View
                      accessibilityComponentType={undefined}
                      accessibilityLabel={undefined}
                      accessibilityTraits={undefined}
                      accessible={true}
                      collapsable={undefined}
                      hitSlop={undefined}
                      isTVSelectable={true}
                      nativeID={undefined}
                      onLayout={undefined}
                      onResponderGrant={[Function]}
                      onResponderMove={[Function]}
                      onResponderRelease={[Function]}
                      onResponderTerminate={[Function]}
                      onResponderTerminationRequest={[Function]}
                      onStartShouldSetResponder={[Function]}
                      style={
                        Object {
                          "alignItems": "center",
                          "alignSelf": "center",
                          "borderColor": "#2196f3",
                          "borderRadius": 12,
                          "borderWidth": 1.5,
                          "height": 24,
                          "justifyContent": "center",
                          "opacity": 1,
                          "width": 24,
                        }
                      }
                      testID={undefined}
                      tvParallaxProperties={undefined}
                    >
                      <View
                        style={
                          Array [
                            Object {
                              "borderRadius": 10,
                            },
                            false,
                            false,
                            false,
                          ]
                        }
                      />
                    </View>
                  </View>
                  <View
                    accessibilityComponentType={undefined}
                    accessibilityLabel={undefined}
                    accessibilityTraits={undefined}
                    accessible={true}
                    hitSlop={undefined}
                    nativeID={undefined}
                    onLayout={undefined}
                    onResponderGrant={[Function]}
                    onResponderMove={[Function]}
                    onResponderRelease={[Function]}
                    onResponderTerminate={[Function]}
                    onResponderTerminationRequest={[Function]}
                    onStartShouldSetResponder={[Function]}
                    style={
                      Array [
                        undefined,
                        Object {
                          "alignItems": "center",
                          "alignSelf": "center",
                          "flexDirection": "row",
                        },
                      ]
                    }
                    testID={undefined}
                  >
                    <Text
                      accessible={true}
                      allowFontScaling={true}
                      ellipsizeMode="tail"
                      style={
                        Array [
                          Object {
                            "lineHeight": 20,
                            "paddingLeft": 10,
                          },
                          false,
                          Object {
                            "color": undefined,
                          },
                          undefined,
                        ]
                      }
                    >
                      Option 2
                    </Text>
                  </View>
                </View>
              </View>
            </View>
          </View>
        </View>
        <View>
          <View
            style={undefined}
          >
            <View
              accessibilityComponentType={undefined}
              accessibilityLabel={undefined}
              accessibilityTraits={undefined}
              accessible={true}
              hasTVPreferredFocus={undefined}
              hitSlop={undefined}
              isTVSelectable={true}
              nativeID={undefined}
              onLayout={undefined}
              onResponderGrant={[Function]}
              onResponderMove={[Function]}
              onResponderRelease={[Function]}
              onResponderTerminate={[Function]}
              onResponderTerminationRequest={[Function]}
              onStartShouldSetResponder={[Function]}
              style={
                Array [
                  Object {
                    "backgroundColor": "transparent",
                  },
                  undefined,
                ]
              }
              testID={undefined}
              tvParallaxProperties={undefined}
            >
              <View
                style={undefined}
              >
                <View
                  onPress={undefined}
                  style={
                    Array [
                      false,
                      false,
                      false,
                      Object {
                        "alignItems": "center",
                        "backgroundColor": "transparent",
                        "justifyContent": "center",
                      },
                      undefined,
                    ]
                  }
                  underlayColor="white"
                >
                  <Text
                    accessible={true}
                    allowFontScaling={false}
                    ellipsizeMode="tail"
                    style={
                      Array [
                        Object {
                          "color": "black",
                          "fontSize": 18,
                        },
                        Array [
                          Object {
                            "backgroundColor": "transparent",
                          },
                          undefined,
                        ],
                        Object {
                          "fontFamily": "Material Icons",
                          "fontStyle": "normal",
                          "fontWeight": "normal",
                        },
                      ]
                    }
                  >
                    
                  </Text>
                </View>
                <Text
                  accessible={true}
                  allowFontScaling={true}
                  ellipsizeMode="tail"
                  style={undefined}
                >
                  createNew.save
                </Text>
              </View>
            </View>
          </View>
          <View
            style={undefined}
          >
            <View
              accessibilityComponentType={undefined}
              accessibilityLabel={undefined}
              accessibilityTraits={undefined}
              accessible={true}
              hasTVPreferredFocus={undefined}
              hitSlop={undefined}
              isTVSelectable={true}
              nativeID={undefined}
              onLayout={undefined}
              onResponderGrant={[Function]}
              onResponderMove={[Function]}
              onResponderRelease={[Function]}
              onResponderTerminate={[Function]}
              onResponderTerminationRequest={[Function]}
              onStartShouldSetResponder={[Function]}
              style={
                Array [
                  Object {
                    "backgroundColor": "transparent",
                  },
                  undefined,
                ]
              }
              testID={undefined}
              tvParallaxProperties={undefined}
            >
              <View
                style={undefined}
              >
                <View
                  onPress={undefined}
                  style={
                    Array [
                      false,
                      false,
                      false,
                      Object {
                        "alignItems": "center",
                        "backgroundColor": "transparent",
                        "justifyContent": "center",
                      },
                      undefined,
                    ]
                  }
                  underlayColor="white"
                >
                  <Text
                    accessible={true}
                    allowFontScaling={false}
                    ellipsizeMode="tail"
                    style={
                      Array [
                        Object {
                          "color": "black",
                          "fontSize": 18,
                        },
                        Array [
                          Object {
                            "backgroundColor": "transparent",
                          },
                          undefined,
                        ],
                        Object {
                          "fontFamily": "Material Icons",
                          "fontStyle": "normal",
                          "fontWeight": "normal",
                        },
                      ]
                    }
                  >
                    
                  </Text>
                </View>
                <Text
                  accessible={true}
                  allowFontScaling={true}
                  ellipsizeMode="tail"
                  style={undefined}
                >
                  createNew.send
                </Text>
              </View>
            </View>
          </View>
          <View
            style={undefined}
          >
            <View
              accessibilityComponentType={undefined}
              accessibilityLabel={undefined}
              accessibilityTraits={undefined}
              accessible={true}
              hasTVPreferredFocus={undefined}
              hitSlop={undefined}
              isTVSelectable={true}
              nativeID={undefined}
              onLayout={undefined}
              onResponderGrant={[Function]}
              onResponderMove={[Function]}
              onResponderRelease={[Function]}
              onResponderTerminate={[Function]}
              onResponderTerminationRequest={[Function]}
              onStartShouldSetResponder={[Function]}
              style={
                Array [
                  Object {
                    "backgroundColor": "transparent",
                  },
                  undefined,
                ]
              }
              testID={undefined}
              tvParallaxProperties={undefined}
            >
              <View
                style={undefined}
              >
                <View
                  onPress={undefined}
                  style={
                    Array [
                      false,
                      false,
                      false,
                      Object {
                        "alignItems": "center",
                        "backgroundColor": "transparent",
                        "justifyContent": "center",
                      },
                      undefined,
                    ]
                  }
                  underlayColor="white"
                >
                  <Text
                    accessible={true}
                    allowFontScaling={false}
                    ellipsizeMode="tail"
                    style={
                      Array [
                        Object {
                          "color": "black",
                          "fontSize": 18,
                        },
                        Array [
                          Object {
                            "backgroundColor": "transparent",
                          },
                          undefined,
                        ],
                        Object {
                          "fontFamily": "Material Icons",
                          "fontStyle": "normal",
                          "fontWeight": "normal",
                        },
                      ]
                    }
                  >
                    
                  </Text>
                </View>
                <Text
                  accessible={true}
                  allowFontScaling={true}
                  ellipsizeMode="tail"
                  style={undefined}
                >
                  Delete
                </Text>
              </View>
            </View>
          </View>
        </View>
      </View>
    </RCTScrollView>
  </View>
</View>
`;
