// Jest Snapshot v1, https://goo.gl/fbAQLP

exports[`TemplateScreen renders correctly 1`] = `
<View
  colors={
    Array [
      undefined,
      undefined,
      undefined,
    ]
  }
  style={undefined}
>
  <View
    style={undefined}
  >
    <View
      style={
        Array [
          Object {
            "backgroundColor": "#393e42",
            "borderBottomColor": "#000",
            "borderBottomWidth": 1,
            "borderTopColor": "#000",
            "borderTopWidth": 1,
          },
          Object {
            "backgroundColor": "#e1e8ee",
            "borderBottomColor": "#e1e1e1",
            "borderTopColor": "#e1e1e1",
          },
          undefined,
        ]
      }
    >
      <TextInput
        allowFontScaling={true}
        placeholder="templates.search"
        placeholderTextColor="#86939e"
        style={
          Array [
            Object {
              "backgroundColor": "#303337",
              "borderRadius": 3,
              "color": "#86939e",
              "fontSize": 17.5,
              "height": 30,
              "margin": 8,
              "overflow": "hidden",
              "paddingLeft": 26,
              "paddingRight": 19,
            },
            Object {
              "backgroundColor": "#bdc6cf",
            },
            false,
            false,
            undefined,
            undefined,
            false,
          ]
        }
        underlineColorAndroid="transparent"
      />
      <Text
        accessible={true}
        allowFontScaling={false}
        ellipsizeMode="tail"
        style={
          Array [
            Object {
              "color": "#86939e",
              "fontSize": 16,
            },
            Array [
              Object {
                "backgroundColor": "transparent",
                "position": "absolute",
                "top": 15.5,
              },
              Object {
                "left": 16,
              },
              undefined,
            ],
            Object {
              "fontFamily": "Material Icons",
              "fontStyle": "normal",
              "fontWeight": "normal",
            },
          ]
        }
      >
        
      </Text>
    </View>
    <RCTScrollView
      contentContainerStyle={undefined}
    >
      <View>
        <RCTScrollView
          ListFooterComponent={false}
          data={
            Array [
              Object {
                "template_id": 2,
                "title": "Some template",
              },
            ]
          }
          disableVirtualization={false}
          getItem={[Function]}
          getItemCount={[Function]}
          horizontal={false}
          initialNumToRender={10}
          keyExtractor={[Function]}
          maxToRenderPerBatch={10}
          numColumns={1}
          onContentSizeChange={[Function]}
          onEndReachedThreshold={2}
          onLayout={[Function]}
          onMomentumScrollEnd={[Function]}
          onScroll={[Function]}
          onScrollBeginDrag={[Function]}
          onScrollEndDrag={[Function]}
          refreshing={false}
          renderItem={[Function]}
          scrollEnabled={true}
          scrollEventThrottle={50}
          stickyHeaderIndices={Array []}
          updateCellsBatchingPeriod={50}
          viewabilityConfigCallbackPairs={Array []}
          windowSize={21}
        >
          <View>
            <View
              onLayout={[Function]}
              style={null}
            >
              <View
                collapsable={undefined}
                style={
                  Object {
                    "height": 60,
                  }
                }
              >
                <View>
                  <View
                    accessibilityComponentType={undefined}
                    accessibilityLabel={undefined}
                    accessibilityTraits={undefined}
                    accessible={true}
                    hasTVPreferredFocus={undefined}
                    hitSlop={undefined}
                    isTVSelectable={true}
                    nativeID={undefined}
                    onLayout={undefined}
                    onResponderGrant={[Function]}
                    onResponderMove={[Function]}
                    onResponderRelease={[Function]}
                    onResponderTerminate={[Function]}
                    onResponderTerminationRequest={[Function]}
                    onStartShouldSetResponder={[Function]}
                    style={
                      Array [
                        Object {
                          "backgroundColor": "transparent",
                        },
                        Array [
                          Object {
                            "backgroundColor": "transparent",
                            "borderBottomColor": "#bbb",
                            "borderBottomWidth": 1,
                            "paddingBottom": 10,
                            "paddingRight": 10,
                            "paddingTop": 10,
                          },
                          undefined,
                          false,
                          false,
                        ],
                      ]
                    }
                    testID={undefined}
                    tvParallaxProperties={undefined}
                  >
                    <View
                      style={
                        Array [
                          Object {
                            "flexDirection": "row",
                            "marginLeft": 10,
                          },
                          undefined,
                        ]
                      }
                    >
                      <View
                        disabled={false}
                        onLongPress={undefined}
                        onPress={undefined}
                        style={
                          Array [
                            Object {
                              "alignItems": "center",
                              "justifyContent": "center",
                            },
                            undefined,
                          ]
                        }
                        underlayColor="white"
                      >
                        <View>
                          <View
                            onPress={undefined}
                            style={
                              Array [
                                false,
                                false,
                                false,
                                Object {
                                  "alignItems": "center",
                                  "backgroundColor": "transparent",
                                  "justifyContent": "center",
                                },
                                undefined,
                              ]
                            }
                            underlayColor="white"
                          >
                            <Text
                              accessible={true}
                              allowFontScaling={false}
                              ellipsizeMode="tail"
                              style={
                                Array [
                                  Object {
                                    "color": "#bdc6cf",
                                    "fontSize": 24,
                                  },
                                  Array [
                                    Object {
                                      "backgroundColor": "transparent",
                                    },
                                    Array [
                                      Object {
                                        "marginRight": 8,
                                      },
                                      undefined,
                                    ],
                                  ],
                                  Object {
                                    "fontFamily": "Material Icons",
                                    "fontStyle": "normal",
                                    "fontWeight": "normal",
                                  },
                                ]
                              }
                            >
                              
                            </Text>
                          </View>
                        </View>
                      </View>
                      <View
                        style={
                          Object {
                            "flex": 1,
                            "justifyContent": "center",
                          }
                        }
                      >
                        <View
                          style={undefined}
                        >
                          <Text
                            accessible={true}
                            allowFontScaling={true}
                            ellipsizeMode="tail"
                            numberOfLines={1}
                            style={
                              Array [
                                Object {},
                                undefined,
                                undefined,
                                undefined,
                                undefined,
                                undefined,
                                undefined,
                                undefined,
                                undefined,
                                undefined,
                                Array [
                                  Object {
                                    "color": "#43484d",
                                    "fontSize": 17.5,
                                  },
                                  false,
                                  undefined,
                                  undefined,
                                ],
                              ]
                            }
                          >
                            Some template
                          </Text>
                        </View>
                        <View
                          style={undefined}
                        >
                          <View>
                            <View
                              style={undefined}
                            >
                              <Text
                                accessible={true}
                                allowFontScaling={true}
                                ellipsizeMode="tail"
                              >
                                1
                                 
                                templates.report
                              </Text>
                              <Text
                                accessible={true}
                                allowFontScaling={true}
                                ellipsizeMode="tail"
                              >
                                0
                                 
                                templates.queuedPlural
                              </Text>
                            </View>
                          </View>
                        </View>
                      </View>
                      <View
                        style={undefined}
                      >
                        <View
                          accessibilityComponentType={undefined}
                          accessibilityLabel={undefined}
                          accessibilityTraits={undefined}
                          accessible={true}
                          hasTVPreferredFocus={undefined}
                          hitSlop={undefined}
                          isTVSelectable={true}
                          nativeID={undefined}
                          onLayout={undefined}
                          onResponderGrant={[Function]}
                          onResponderMove={[Function]}
                          onResponderRelease={[Function]}
                          onResponderTerminate={[Function]}
                          onResponderTerminationRequest={[Function]}
                          onStartShouldSetResponder={[Function]}
                          style={
                            Array [
                              Object {
                                "backgroundColor": "transparent",
                              },
                              undefined,
                            ]
                          }
                          testID={undefined}
                          tvParallaxProperties={undefined}
                        >
                          <View>
                            <View
                              onPress={undefined}
                              style={
                                Array [
                                  false,
                                  false,
                                  false,
                                  Object {
                                    "alignItems": "center",
                                    "backgroundColor": "transparent",
                                    "justifyContent": "center",
                                  },
                                  undefined,
                                ]
                              }
                              underlayColor="white"
                            >
                              <Text
                                accessible={true}
                                allowFontScaling={false}
                                ellipsizeMode="tail"
                                style={
                                  Array [
                                    Object {
                                      "color": "black",
                                      "fontSize": 24,
                                    },
                                    Array [
                                      Object {
                                        "backgroundColor": "transparent",
                                      },
                                      Array [
                                        undefined,
                                        Object {
                                          "backgroundColor": "#A4CBE7",
                                          "color": "#8096a8",
                                        },
                                      ],
                                    ],
                                    Object {
                                      "fontFamily": "Material Icons",
                                      "fontStyle": "normal",
                                      "fontWeight": "normal",
                                    },
                                  ]
                                }
                              >
                                
                              </Text>
                            </View>
                          </View>
                        </View>
                        <View
                          accessibilityComponentType={undefined}
                          accessibilityLabel={undefined}
                          accessibilityTraits={undefined}
                          accessible={true}
                          hasTVPreferredFocus={undefined}
                          hitSlop={undefined}
                          isTVSelectable={true}
                          nativeID={undefined}
                          onLayout={undefined}
                          onResponderGrant={[Function]}
                          onResponderMove={[Function]}
                          onResponderRelease={[Function]}
                          onResponderTerminate={[Function]}
                          onResponderTerminationRequest={[Function]}
                          onStartShouldSetResponder={[Function]}
                          style={
                            Array [
                              Object {
                                "backgroundColor": "transparent",
                              },
                              undefined,
                            ]
                          }
                          testID={undefined}
                          tvParallaxProperties={undefined}
                        >
                          <View>
                            <View
                              onPress={undefined}
                              style={
                                Array [
                                  false,
                                  false,
                                  false,
                                  Object {
                                    "alignItems": "center",
                                    "backgroundColor": "transparent",
                                    "justifyContent": "center",
                                  },
                                  undefined,
                                ]
                              }
                              underlayColor="white"
                            >
                              <Text
                                accessible={true}
                                allowFontScaling={false}
                                ellipsizeMode="tail"
                                style={
                                  Array [
                                    Object {
                                      "color": "black",
                                      "fontSize": 24,
                                    },
                                    Array [
                                      Object {
                                        "backgroundColor": "transparent",
                                      },
                                      Array [
                                        undefined,
                                        Object {
                                          "backgroundColor": "#99d9ad",
                                          "color": "#77a482",
                                        },
                                      ],
                                    ],
                                    Object {
                                      "fontFamily": "Material Icons",
                                      "fontStyle": "normal",
                                      "fontWeight": "normal",
                                    },
                                  ]
                                }
                              >
                                
                              </Text>
                            </View>
                          </View>
                        </View>
                      </View>
                    </View>
                  </View>
                </View>
                <View
                  onLayout={[Function]}
                  style={undefined}
                >
                  <RCTScrollView
                    style={
                      Object {
                        "height": 415,
                      }
                    }
                  >
                    <View>
                      <View
                        ListFooterComponent={
                          <Text
                            accessible={true}
                            allowFontScaling={true}
                            ellipsizeMode="tail"
                            style={undefined}
                          >
                            templates.endOfReports
                          </Text>
                        }
                        data={
                          Array [
                            Object {
                              "report_id": 42,
                              "title": "Some report",
                            },
                          ]
                        }
                        disableVirtualization={false}
                        extraData={20}
                        getItem={[Function]}
                        getItemCount={[Function]}
                        horizontal={false}
                        initialNumToRender={10}
                        keyExtractor={[Function]}
                        maxToRenderPerBatch={10}
                        numColumns={1}
                        onContentSizeChange={[Function]}
                        onEndReachedThreshold={2}
                        onLayout={[Function]}
                        onMomentumScrollEnd={[Function]}
                        onScroll={[Function]}
                        onScrollBeginDrag={[Function]}
                        onScrollEndDrag={[Function]}
                        renderItem={[Function]}
                        scrollEventThrottle={50}
                        stickyHeaderIndices={Array []}
                        updateCellsBatchingPeriod={50}
                        viewabilityConfigCallbackPairs={Array []}
                        windowSize={21}
                      >
                        <View
                          onLayout={[Function]}
                          style={null}
                        >
                          <View
                            accessibilityComponentType={undefined}
                            accessibilityLabel={undefined}
                            accessibilityTraits={undefined}
                            accessible={true}
                            hasTVPreferredFocus={undefined}
                            hitSlop={undefined}
                            isTVSelectable={true}
                            nativeID={undefined}
                            onLayout={undefined}
                            onResponderGrant={[Function]}
                            onResponderMove={[Function]}
                            onResponderRelease={[Function]}
                            onResponderTerminate={[Function]}
                            onResponderTerminationRequest={[Function]}
                            onStartShouldSetResponder={[Function]}
                            style={
                              Array [
                                Object {
                                  "backgroundColor": "transparent",
                                },
                                Array [
                                  Object {
                                    "backgroundColor": "transparent",
                                    "borderBottomColor": "#bbb",
                                    "borderBottomWidth": 1,
                                    "paddingBottom": 10,
                                    "paddingRight": 10,
                                    "paddingTop": 10,
                                  },
                                  undefined,
                                  false,
                                  false,
                                ],
                              ]
                            }
                            testID={undefined}
                            tvParallaxProperties={undefined}
                          >
                            <View
                              style={
                                Array [
                                  Object {
                                    "flexDirection": "row",
                                    "marginLeft": 10,
                                  },
                                  undefined,
                                ]
                              }
                            >
                              <View
                                style={
                                  Object {
                                    "flex": 1,
                                    "justifyContent": "center",
                                  }
                                }
                              >
                                <View
                                  style={undefined}
                                >
                                  <Text
                                    accessible={true}
                                    allowFontScaling={true}
                                    ellipsizeMode="tail"
                                    numberOfLines={1}
                                    style={
                                      Array [
                                        Object {},
                                        undefined,
                                        undefined,
                                        undefined,
                                        undefined,
                                        undefined,
                                        undefined,
                                        undefined,
                                        undefined,
                                        undefined,
                                        Array [
                                          Object {
                                            "color": "#43484d",
                                            "fontSize": 17.5,
                                          },
                                          Object {
                                            "marginLeft": 10,
                                          },
                                          undefined,
                                          undefined,
                                        ],
                                      ]
                                    }
                                  >
                                    Some report
                                  </Text>
                                </View>
                                <View
                                  style={undefined}
                                >
                                  <View />
                                </View>
                              </View>
                              <View
                                style={undefined}
                              >
                                <View
                                  style={
                                    Array [
                                      undefined,
                                    ]
                                  }
                                >
                                  <View
                                    onPress={undefined}
                                    style={
                                      Array [
                                        Object {
                                          "alignItems": "center",
                                          "backgroundColor": "#43484d",
                                          "borderRadius": 20,
                                          "justifyContent": "center",
                                          "padding": 12,
                                          "paddingBottom": 3,
                                          "paddingTop": 3,
                                        },
                                        Array [
                                          undefined,
                                          Object {
                                            "backgroundColor": "#f3fe99",
                                          },
                                        ],
                                      ]
                                    }
                                  >
                                    <Text
                                      accessible={true}
                                      allowFontScaling={true}
                                      ellipsizeMode="tail"
                                      style={undefined}
                                    >
                                      templates.sent
                                    </Text>
                                    <View
                                      onPress={undefined}
                                      style={
                                        Array [
                                          false,
                                          false,
                                          false,
                                          Object {
                                            "alignItems": "center",
                                            "backgroundColor": "transparent",
                                            "justifyContent": "center",
                                          },
                                          undefined,
                                        ]
                                      }
                                      underlayColor="white"
                                    >
                                      <Text
                                        accessible={true}
                                        allowFontScaling={false}
                                        ellipsizeMode="tail"
                                        style={
                                          Array [
                                            Object {
                                              "color": "black",
                                              "fontSize": 24,
                                            },
                                            Array [
                                              Object {
                                                "backgroundColor": "transparent",
                                              },
                                              undefined,
                                            ],
                                            Object {
                                              "fontFamily": "Feather",
                                              "fontStyle": "normal",
                                              "fontWeight": "normal",
                                            },
                                          ]
                                        }
                                      >
                                        
                                      </Text>
                                    </View>
                                  </View>
                                </View>
                              </View>
                            </View>
                          </View>
                        </View>
                        <View
                          onLayout={[Function]}
                          style={null}
                        >
                          <Text
                            accessible={true}
                            allowFontScaling={true}
                            ellipsizeMode="tail"
                            style={undefined}
                          >
                            templates.endOfReports
                          </Text>
                        </View>
                      </View>
                    </View>
                  </RCTScrollView>
                </View>
              </View>
            </View>
          </View>
        </RCTScrollView>
      </View>
    </RCTScrollView>
  </View>
</View>
`;
