// Jest Snapshot v1, https://goo.gl/fbAQLP

exports[`renders correctly 1`] = `
<View
  collapsable={undefined}
  style={
    Object {
      "height": 60,
    }
  }
>
  <View
    onLayout={[Function]}
  >
    <View
      accessibilityComponentType={undefined}
      accessibilityLabel={undefined}
      accessibilityTraits={undefined}
      accessible={true}
      hasTVPreferredFocus={undefined}
      hitSlop={undefined}
      isTVSelectable={true}
      nativeID={undefined}
      onLayout={undefined}
      onResponderGrant={[Function]}
      onResponderMove={[Function]}
      onResponderRelease={[Function]}
      onResponderTerminate={[Function]}
      onResponderTerminationRequest={[Function]}
      onStartShouldSetResponder={[Function]}
      style={
        Array [
          Object {
            "backgroundColor": "transparent",
          },
          Array [
            Object {
              "backgroundColor": "transparent",
              "borderBottomColor": "#bbb",
              "borderBottomWidth": 1,
              "paddingBottom": 10,
              "paddingRight": 10,
              "paddingTop": 10,
            },
            undefined,
            false,
            false,
          ],
        ]
      }
      testID={undefined}
      tvParallaxProperties={undefined}
    >
      <View
        style={
          Array [
            Object {
              "flexDirection": "row",
              "marginLeft": 10,
            },
            undefined,
          ]
        }
      >
        <View
          disabled={false}
          onLongPress={undefined}
          onPress={undefined}
          style={
            Array [
              Object {
                "alignItems": "center",
                "justifyContent": "center",
              },
              undefined,
            ]
          }
          underlayColor="white"
        >
          <View>
            <View
              onPress={undefined}
              style={
                Array [
                  false,
                  false,
                  false,
                  Object {
                    "alignItems": "center",
                    "backgroundColor": "transparent",
                    "justifyContent": "center",
                  },
                  undefined,
                ]
              }
              underlayColor="white"
            >
              <Text
                accessible={true}
                allowFontScaling={false}
                ellipsizeMode="tail"
                style={
                  Array [
                    Object {
                      "color": "#bdc6cf",
                      "fontSize": 24,
                    },
                    Array [
                      Object {
                        "backgroundColor": "transparent",
                      },
                      Array [
                        Object {
                          "marginRight": 8,
                        },
                        undefined,
                      ],
                    ],
                    Object {
                      "fontFamily": "Material Icons",
                      "fontStyle": "normal",
                      "fontWeight": "normal",
                    },
                  ]
                }
              >
                
              </Text>
            </View>
          </View>
        </View>
        <View
          style={
            Object {
              "flex": 1,
              "justifyContent": "center",
            }
          }
        >
          <View
            style={undefined}
          >
            <View />
          </View>
          <View
            style={undefined}
          >
            <Text
              accessible={true}
              allowFontScaling={true}
              ellipsizeMode="tail"
              numberOfLines={1}
              style={
                Array [
                  Object {},
                  undefined,
                  undefined,
                  undefined,
                  undefined,
                  undefined,
                  undefined,
                  undefined,
                  undefined,
                  undefined,
                  Array [
                    Object {
                      "color": "#86939e",
                      "fontSize": 15,
                      "fontWeight": "600",
                      "marginTop": 1,
                    },
                    false,
                    undefined,
                    undefined,
                  ],
                ]
              }
            >
              undefined Reports
            </Text>
          </View>
        </View>
        <View
          style={undefined}
        >
          <View
            accessibilityComponentType={undefined}
            accessibilityLabel={undefined}
            accessibilityTraits={undefined}
            accessible={true}
            hasTVPreferredFocus={undefined}
            hitSlop={undefined}
            isTVSelectable={true}
            nativeID={undefined}
            onLayout={undefined}
            onResponderGrant={[Function]}
            onResponderMove={[Function]}
            onResponderRelease={[Function]}
            onResponderTerminate={[Function]}
            onResponderTerminationRequest={[Function]}
            onStartShouldSetResponder={[Function]}
            style={
              Array [
                Object {
                  "backgroundColor": "transparent",
                },
                undefined,
              ]
            }
            testID={undefined}
            tvParallaxProperties={undefined}
          >
            <View>
              <View
                onPress={undefined}
                style={
                  Array [
                    false,
                    false,
                    false,
                    Object {
                      "alignItems": "center",
                      "backgroundColor": "transparent",
                      "justifyContent": "center",
                    },
                    undefined,
                  ]
                }
                underlayColor="white"
              >
                <Text
                  accessible={true}
                  allowFontScaling={false}
                  ellipsizeMode="tail"
                  style={
                    Array [
                      Object {
                        "color": "black",
                        "fontSize": 24,
                      },
                      Array [
                        Object {
                          "backgroundColor": "transparent",
                        },
                        Array [
                          undefined,
                          Object {
                            "backgroundColor": "#A4CBE7",
                            "color": "#8096a8",
                          },
                        ],
                      ],
                      Object {
                        "fontFamily": "Material Icons",
                        "fontStyle": "normal",
                        "fontWeight": "normal",
                      },
                    ]
                  }
                >
                  
                </Text>
              </View>
            </View>
          </View>
          <View
            accessibilityComponentType={undefined}
            accessibilityLabel={undefined}
            accessibilityTraits={undefined}
            accessible={true}
            hasTVPreferredFocus={undefined}
            hitSlop={undefined}
            isTVSelectable={true}
            nativeID={undefined}
            onLayout={undefined}
            onResponderGrant={[Function]}
            onResponderMove={[Function]}
            onResponderRelease={[Function]}
            onResponderTerminate={[Function]}
            onResponderTerminationRequest={[Function]}
            onStartShouldSetResponder={[Function]}
            style={
              Array [
                Object {
                  "backgroundColor": "transparent",
                },
                undefined,
              ]
            }
            testID={undefined}
            tvParallaxProperties={undefined}
          >
            <View>
              <View
                onPress={undefined}
                style={
                  Array [
                    false,
                    false,
                    false,
                    Object {
                      "alignItems": "center",
                      "backgroundColor": "transparent",
                      "justifyContent": "center",
                    },
                    undefined,
                  ]
                }
                underlayColor="white"
              >
                <Text
                  accessible={true}
                  allowFontScaling={false}
                  ellipsizeMode="tail"
                  style={
                    Array [
                      Object {
                        "color": "black",
                        "fontSize": 24,
                      },
                      Array [
                        Object {
                          "backgroundColor": "transparent",
                        },
                        Array [
                          undefined,
                          Object {
                            "backgroundColor": "#99d9ad",
                            "color": "#77a482",
                          },
                        ],
                      ],
                      Object {
                        "fontFamily": "Material Icons",
                        "fontStyle": "normal",
                        "fontWeight": "normal",
                      },
                    ]
                  }
                >
                  
                </Text>
              </View>
            </View>
          </View>
        </View>
      </View>
    </View>
  </View>
  <View
    onLayout={[Function]}
    style={undefined}
  >
    <RCTScrollView
      ListFooterComponent={null}
      data={Array []}
      disableVirtualization={false}
      extraData={5}
      getItem={[Function]}
      getItemCount={[Function]}
      horizontal={false}
      initialNumToRender={10}
      keyExtractor={[Function]}
      maxToRenderPerBatch={10}
      numColumns={1}
      onContentSizeChange={[Function]}
      onEndReachedThreshold={2}
      onLayout={[Function]}
      onMomentumScrollEnd={[Function]}
      onScroll={[Function]}
      onScrollBeginDrag={[Function]}
      onScrollEndDrag={[Function]}
      renderItem={[Function]}
      scrollEventThrottle={50}
      stickyHeaderIndices={Array []}
      updateCellsBatchingPeriod={50}
      viewabilityConfigCallbackPairs={Array []}
      windowSize={21}
    >
      <View />
    </RCTScrollView>
  </View>
</View>
`;
